Line: 1, position: 6: Unbalanced brackets found
expr {1+2==3]
     ^
