Line: 4, position: 4: expand variable b doesn't exist
  $b
   ^
